[2026-08-17 05:59:42] local.ERROR: SQLSTATE[HY000] [1045] Access denied for user 'root'@'localhost' (using password: NO) (Connection: mysql, Host: 127.0.0.1, Port: 3306, Database: updateprogram1, SQL: delete from `cache`) {"exception":"[object] (Illuminate\\Database\\QueryException(code: 1045): SQLSTATE[HY000] [1045] Access denied for user 'root'@'localhost' (using password: NO) (Connection: mysql, Host: 127.0.0.1, Port: 3306, Database: updateprogram1, SQL: delete from `cache`) at /home/instituthijauindonesia-program/htdocs/program.instituthijauindonesia.or.id/vendor/laravel/framework/src/Illuminate/Database/Connection.php:838)
[stacktrace]
#0 /home/instituthijauindonesia-program/htdocs/program.instituthijauindonesia.or.id/vendor/laravel/framework/src/Illuminate/Database/Connection.php(999): Illuminate\\Database\\Connection->runQueryCallback()
#1 /home/instituthijauindonesia-program/htdocs/program.instituthijauindonesia.or.id/vendor/laravel/framework/src/Illuminate/Database/Connection.php(978): Illuminate\\Database\\Connection->tryAgainIfCausedByLostConnection()
#2 /home/instituthijauindonesia-program/htdocs/program.instituthijauindonesia.or.id/vendor/laravel/framework/src/Illuminate/Database/Connection.php(796): Illuminate\\Database\\Connection->handleQueryException()
#3 /home/instituthijauindonesia-program/htdocs/program.instituthijauindonesia.or.id/vendor/laravel/framework/src/Illuminate/Database/Connection.php(597): Illuminate\\Database\\Connection->run()
#4 /home/instituthijauindonesia-program/htdocs/program.instituthijauindonesia.or.id/vendor/laravel/framework/src/Illuminate/Database/Connection.php(561): Illuminate\\Database\\Connection->affectingStatement()
#5 /home/instituthijauindonesia-program/htdocs/program.instituthijauindonesia.or.id/vendor/laravel/framework/src/Illuminate/Database/Query/Builder.php(4426): Illuminate\\Database\\Connection->delete()
#6 /home/instituthijauindonesia-program/htdocs/program.instituthijauindonesia.or.id/vendor/laravel/framework/src/Illuminate/Cache/DatabaseStore.php(433): Illuminate\\Database\\Query\\Builder->delete()
#7 /home/instituthijauindonesia-program/htdocs/program.instituthijauindonesia.or.id/vendor/laravel/framework/src/Illuminate/Cache/Repository.php(979): Illuminate\\Cache\\DatabaseStore->flush()
#8 /home/instituthijauindonesia-program/htdocs/program.instituthijauindonesia.or.id/vendor/laravel/framework/src/Illuminate/Cache/Console/ClearCommand.php(68): Illuminate\\Cache\\Repository->__call()
#9 /home/instituthijauindonesia-program/htdocs/program.instituthijauindonesia.or.id/vendor/laravel/framework/src/Illuminate/Container/BoundMethod.php(36): Illuminate\\Cache\\Console\\ClearCommand->handle()
#10 /home/instituthijauindonesia-program/htdocs/program.instituthijauindonesia.or.id/vendor/laravel/framework/src/Illuminate/Container/Util.php(43): Illuminate\\Container\\BoundMethod::{closure:Illuminate\\Container\\BoundMethod::call():35}()
#11 /home/instituthijauindonesia-program/htdocs/program.instituthijauindonesia.or.id/vendor/laravel/framework/src/Illuminate/Container/BoundMethod.php(96): Illuminate\\Container\\Util::unwrapIfClosure()
#12 /home/instituthijauindonesia-program/htdocs/program.instituthijauindonesia.or.id/vendor/laravel/framework/src/Illuminate/Container/BoundMethod.php(35): Illuminate\\Container\\BoundMethod::callBoundMethod()
#13 /home/instituthijauindonesia-program/htdocs/program.instituthijauindonesia.or.id/vendor/laravel/framework/src/Illuminate/Container/Container.php(799): Illuminate\\Container\\BoundMethod::call()
#14 /home/instituthijauindonesia-program/htdocs/program.instituthijauindonesia.or.id/vendor/laravel/framework/src/Illuminate/Console/Command.php(211): Illuminate\\Container\\Container->call()
#15 /home/instituthijauindonesia-program/htdocs/program.instituthijauindonesia.or.id/vendor/symfony/console/Command/Command.php(341): Illuminate\\Console\\Command->execute()
#16 /home/instituthijauindonesia-program/htdocs/program.instituthijauindonesia.or.id/vendor/laravel/framework/src/Illuminate/Console/Command.php(180): Symfony\\Component\\Console\\Command\\Command->run()
#17 /home/instituthijauindonesia-program/htdocs/program.instituthijauindonesia.or.id/vendor/laravel/framework/src/Illuminate/Console/Concerns/CallsCommands.php(68): Illuminate\\Console\\Command->run()
#18 /home/instituthijauindonesia-program/htdocs/program.instituthijauindonesia.or.id/vendor/laravel/framework/src/Illuminate/Console/Concerns/CallsCommands.php(41): Illuminate\\Console\\Command->runCommand()
#19 /home/instituthijauindonesia-program/htdocs/program.instituthijauindonesia.or.id/vendor/laravel/framework/src/Illuminate/Console/Concerns/CallsCommands.php(53): Illuminate\\Console\\Command->callSilent()
#20 /home/instituthijauindonesia-program/htdocs/program.instituthijauindonesia.or.id/vendor/laravel/framework/src/Illuminate/Foundation/Console/OptimizeClearCommand.php(48): Illuminate\\Console\\Command->callSilently()
#21 /home/instituthijauindonesia-program/htdocs/program.instituthijauindonesia.or.id/vendor/laravel/framework/src/Illuminate/Console/View/Components/Task.php(41): Illuminate\\Foundation\\Console\\OptimizeClearCommand->{closure:Illuminate\\Foundation\\Console\\OptimizeClearCommand::handle():48}()
#22 /home/instituthijauindonesia-program/htdocs/program.instituthijauindonesia.or.id/vendor/laravel/framework/src/Illuminate/Console/View/Components/Factory.php(59): Illuminate\\Console\\View\\Components\\Task->render()
#23 /home/instituthijauindonesia-program/htdocs/program.instituthijauindonesia.or.id/vendor/laravel/framework/src/Illuminate/Foundation/Console/OptimizeClearCommand.php(48): Illuminate\\Console\\View\\Components\\Factory->__call()
#24 /home/instituthijauindonesia-program/htdocs/program.instituthijauindonesia.or.id/vendor/laravel/framework/src/Illuminate/Container/BoundMethod.php(36): Illuminate\\Foundation\\Console\\OptimizeClearCommand->handle()
#25 /home/instituthijauindonesia-program/htdocs/program.instituthijauindonesia.or.id/vendor/laravel/framework/src/Illuminate/Container/Util.php(43): Illuminate\\Container\\BoundMethod::{closure:Illuminate\\Container\\BoundMethod::call():35}()
#26 /home/instituthijauindonesia-program/htdocs/program.instituthijauindonesia.or.id/vendor/laravel/framework/src/Illuminate/Container/BoundMethod.php(96): Illuminate\\Container\\Util::unwrapIfClosure()
#27 /home/instituthijauindonesia-program/htdocs/program.instituthijauindonesia.or.id/vendor/laravel/framework/src/Illuminate/Container/BoundMethod.php(35): Illuminate\\Container\\BoundMethod::callBoundMethod()
#28 /home/instituthijauindonesia-program/htdocs/program.instituthijauindonesia.or.id/vendor/laravel/framework/src/Illuminate/Container/Container.php(799): Illuminate\\Container\\BoundMethod::call()
#29 /home/instituthijauindonesia-program/htdocs/program.instituthijauindonesia.or.id/vendor/laravel/framework/src/Illuminate/Console/Command.php(211): Illuminate\\Container\\Container->call()
#30 /home/instituthijauindonesia-program/htdocs/program.instituthijauindonesia.or.id/vendor/symfony/console/Command/Command.php(341): Illuminate\\Console\\Command->execute()
#31 /home/instituthijauindonesia-program/htdocs/program.instituthijauindonesia.or.id/vendor/laravel/framework/src/Illuminate/Console/Command.php(180): Symfony\\Component\\Console\\Command\\Command->run()
#32 /home/instituthijauindonesia-program/htdocs/program.instituthijauindonesia.or.id/vendor/symfony/console/Application.php(1117): Illuminate\\Console\\Command->run()
#33 /home/instituthijauindonesia-program/htdocs/program.instituthijauindonesia.or.id/vendor/symfony/console/Application.php(356): Symfony\\Component\\Console\\Application->doRunCommand()
#34 /home/instituthijauindonesia-program/htdocs/program.instituthijauindonesia.or.id/vendor/symfony/console/Application.php(195): Symfony\\Component\\Console\\Application->doRun()
#35 /home/instituthijauindonesia-program/htdocs/program.instituthijauindonesia.or.id/vendor/laravel/framework/src/Illuminate/Foundation/Console/Kernel.php(198): Symfony\\Component\\Console\\Application->run()
#36 /home/instituthijauindonesia-program/htdocs/program.instituthijauindonesia.or.id/vendor/laravel/framework/src/Illuminate/Foundation/Application.php(1235): Illuminate\\Foundation\\Console\\Kernel->handle()
#37 /home/instituthijauindonesia-program/htdocs/program.instituthijauindonesia.or.id/artisan(16): Illuminate\\Foundation\\Application->handleCommand()
#38 {main}

[previous exception] [object] (PDOException(code: 1045): SQLSTATE[HY000] [1045] Access denied for user 'root'@'localhost' (using password: NO) at /home/instituthijauindonesia-program/htdocs/program.instituthijauindonesia.or.id/vendor/laravel/framework/src/Illuminate/Database/Connectors/Connector.php:67)
[stacktrace]
#0 /home/instituthijauindonesia-program/htdocs/program.instituthijauindonesia.or.id/vendor/laravel/framework/src/Illuminate/Database/Connectors/Connector.php(67): PDO::connect()
#1 /home/instituthijauindonesia-program/htdocs/program.instituthijauindonesia.or.id/vendor/laravel/framework/src/Illuminate/Database/Connectors/Connector.php(85): Illuminate\\Database\\Connectors\\Connector->createPdoConnection()
#2 /home/instituthijauindonesia-program/htdocs/program.instituthijauindonesia.or.id/vendor/laravel/framework/src/Illuminate/Database/Connectors/Connector.php(48): Illuminate\\Database\\Connectors\\Connector->tryAgainIfCausedByLostConnection()
#3 /home/instituthijauindonesia-program/htdocs/program.instituthijauindonesia.or.id/vendor/laravel/framework/src/Illuminate/Database/Connectors/MySqlConnector.php(24): Illuminate\\Database\\Connectors\\Connector->createConnection()
#4 /home/instituthijauindonesia-program/htdocs/program.instituthijauindonesia.or.id/vendor/laravel/framework/src/Illuminate/Database/Connectors/ConnectionFactory.php(186): Illuminate\\Database\\Connectors\\MySqlConnector->connect()
#5 [internal function]: Illuminate\\Database\\Connectors\\ConnectionFactory->{closure:Illuminate\\Database\\Connectors\\ConnectionFactory::createPdoResolverWithHosts():181}()
#6 /home/instituthijauindonesia-program/htdocs/program.instituthijauindonesia.or.id/vendor/laravel/framework/src/Illuminate/Database/Connection.php(1257): call_user_func()
#7 /home/instituthijauindonesia-program/htdocs/program.instituthijauindonesia.or.id/vendor/laravel/framework/src/Illuminate/Database/Connection.php(605): Illuminate\\Database\\Connection->getPdo()
#8 /home/instituthijauindonesia-program/htdocs/program.instituthijauindonesia.or.id/vendor/laravel/framework/src/Illuminate/Database/Connection.php(827): Illuminate\\Database\\Connection->{closure:Illuminate\\Database\\Connection::affectingStatement():597}()
#9 /home/instituthijauindonesia-program/htdocs/program.instituthijauindonesia.or.id/vendor/laravel/framework/src/Illuminate/Database/Connection.php(999): Illuminate\\Database\\Connection->runQueryCallback()
#10 /home/instituthijauindonesia-program/htdocs/program.instituthijauindonesia.or.id/vendor/laravel/framework/src/Illuminate/Database/Connection.php(978): Illuminate\\Database\\Connection->tryAgainIfCausedByLostConnection()
#11 /home/instituthijauindonesia-program/htdocs/program.instituthijauindonesia.or.id/vendor/laravel/framework/src/Illuminate/Database/Connection.php(796): Illuminate\\Database\\Connection->handleQueryException()
#12 /home/instituthijauindonesia-program/htdocs/program.instituthijauindonesia.or.id/vendor/laravel/framework/src/Illuminate/Database/Connection.php(597): Illuminate\\Database\\Connection->run()
#13 /home/instituthijauindonesia-program/htdocs/program.instituthijauindonesia.or.id/vendor/laravel/framework/src/Illuminate/Database/Connection.php(561): Illuminate\\Database\\Connection->affectingStatement()
#14 /home/instituthijauindonesia-program/htdocs/program.instituthijauindonesia.or.id/vendor/laravel/framework/src/Illuminate/Database/Query/Builder.php(4426): Illuminate\\Database\\Connection->delete()
#15 /home/instituthijauindonesia-program/htdocs/program.instituthijauindonesia.or.id/vendor/laravel/framework/src/Illuminate/Cache/DatabaseStore.php(433): Illuminate\\Database\\Query\\Builder->delete()
#16 /home/instituthijauindonesia-program/htdocs/program.instituthijauindonesia.or.id/vendor/laravel/framework/src/Illuminate/Cache/Repository.php(979): Illuminate\\Cache\\DatabaseStore->flush()
#17 /home/instituthijauindonesia-program/htdocs/program.instituthijauindonesia.or.id/vendor/laravel/framework/src/Illuminate/Cache/Console/ClearCommand.php(68): Illuminate\\Cache\\Repository->__call()
#18 /home/instituthijauindonesia-program/htdocs/program.instituthijauindonesia.or.id/vendor/laravel/framework/src/Illuminate/Container/BoundMethod.php(36): Illuminate\\Cache\\Console\\ClearCommand->handle()
#19 /home/instituthijauindonesia-program/htdocs/program.instituthijauindonesia.or.id/vendor/laravel/framework/src/Illuminate/Container/Util.php(43): Illuminate\\Container\\BoundMethod::{closure:Illuminate\\Container\\BoundMethod::call():35}()
#20 /home/instituthijauindonesia-program/htdocs/program.instituthijauindonesia.or.id/vendor/laravel/framework/src/Illuminate/Container/BoundMethod.php(96): Illuminate\\Container\\Util::unwrapIfClosure()
#21 /home/instituthijauindonesia-program/htdocs/program.instituthijauindonesia.or.id/vendor/laravel/framework/src/Illuminate/Container/BoundMethod.php(35): Illuminate\\Container\\BoundMethod::callBoundMethod()
#22 /home/instituthijauindonesia-program/htdocs/program.instituthijauindonesia.or.id/vendor/laravel/framework/src/Illuminate/Container/Container.php(799): Illuminate\\Container\\BoundMethod::call()
#23 /home/instituthijauindonesia-program/htdocs/program.instituthijauindonesia.or.id/vendor/laravel/framework/src/Illuminate/Console/Command.php(211): Illuminate\\Container\\Container->call()
#24 /home/instituthijauindonesia-program/htdocs/program.instituthijauindonesia.or.id/vendor/symfony/console/Command/Command.php(341): Illuminate\\Console\\Command->execute()
#25 /home/instituthijauindonesia-program/htdocs/program.instituthijauindonesia.or.id/vendor/laravel/framework/src/Illuminate/Console/Command.php(180): Symfony\\Component\\Console\\Command\\Command->run()
#26 /home/instituthijauindonesia-program/htdocs/program.instituthijauindonesia.or.id/vendor/laravel/framework/src/Illuminate/Console/Concerns/CallsCommands.php(68): Illuminate\\Console\\Command->run()
#27 /home/instituthijauindonesia-program/htdocs/program.instituthijauindonesia.or.id/vendor/laravel/framework/src/Illuminate/Console/Concerns/CallsCommands.php(41): Illuminate\\Console\\Command->runCommand()
#28 /home/instituthijauindonesia-program/htdocs/program.instituthijauindonesia.or.id/vendor/laravel/framework/src/Illuminate/Console/Concerns/CallsCommands.php(53): Illuminate\\Console\\Command->callSilent()
#29 /home/instituthijauindonesia-program/htdocs/program.instituthijauindonesia.or.id/vendor/laravel/framework/src/Illuminate/Foundation/Console/OptimizeClearCommand.php(48): Illuminate\\Console\\Command->callSilently()
#30 /home/instituthijauindonesia-program/htdocs/program.instituthijauindonesia.or.id/vendor/laravel/framework/src/Illuminate/Console/View/Components/Task.php(41): Illuminate\\Foundation\\Console\\OptimizeClearCommand->{closure:Illuminate\\Foundation\\Console\\OptimizeClearCommand::handle():48}()
#31 /home/instituthijauindonesia-program/htdocs/program.instituthijauindonesia.or.id/vendor/laravel/framework/src/Illuminate/Console/View/Components/Factory.php(59): Illuminate\\Console\\View\\Components\\Task->render()
#32 /home/instituthijauindonesia-program/htdocs/program.instituthijauindonesia.or.id/vendor/laravel/framework/src/Illuminate/Foundation/Console/OptimizeClearCommand.php(48): Illuminate\\Console\\View\\Components\\Factory->__call()
#33 /home/instituthijauindonesia-program/htdocs/program.instituthijauindonesia.or.id/vendor/laravel/framework/src/Illuminate/Container/BoundMethod.php(36): Illuminate\\Foundation\\Console\\OptimizeClearCommand->handle()
#34 /home/instituthijauindonesia-program/htdocs/program.instituthijauindonesia.or.id/vendor/laravel/framework/src/Illuminate/Container/Util.php(43): Illuminate\\Container\\BoundMethod::{closure:Illuminate\\Container\\BoundMethod::call():35}()
#35 /home/instituthijauindonesia-program/htdocs/program.instituthijauindonesia.or.id/vendor/laravel/framework/src/Illuminate/Container/BoundMethod.php(96): Illuminate\\Container\\Util::unwrapIfClosure()
#36 /home/instituthijauindonesia-program/htdocs/program.instituthijauindonesia.or.id/vendor/laravel/framework/src/Illuminate/Container/BoundMethod.php(35): Illuminate\\Container\\BoundMethod::callBoundMethod()
#37 /home/instituthijauindonesia-program/htdocs/program.instituthijauindonesia.or.id/vendor/laravel/framework/src/Illuminate/Container/Container.php(799): Illuminate\\Container\\BoundMethod::call()
#38 /home/instituthijauindonesia-program/htdocs/program.instituthijauindonesia.or.id/vendor/laravel/framework/src/Illuminate/Console/Command.php(211): Illuminate\\Container\\Container->call()
#39 /home/instituthijauindonesia-program/htdocs/program.instituthijauindonesia.or.id/vendor/symfony/console/Command/Command.php(341): Illuminate\\Console\\Command->execute()
#40 /home/instituthijauindonesia-program/htdocs/program.instituthijauindonesia.or.id/vendor/laravel/framework/src/Illuminate/Console/Command.php(180): Symfony\\Component\\Console\\Command\\Command->run()
#41 /home/instituthijauindonesia-program/htdocs/program.instituthijauindonesia.or.id/vendor/symfony/console/Application.php(1117): Illuminate\\Console\\Command->run()
#42 /home/instituthijauindonesia-program/htdocs/program.instituthijauindonesia.or.id/vendor/symfony/console/Application.php(356): Symfony\\Component\\Console\\Application->doRunCommand()
#43 /home/instituthijauindonesia-program/htdocs/program.instituthijauindonesia.or.id/vendor/symfony/console/Application.php(195): Symfony\\Component\\Console\\Application->doRun()
#44 /home/instituthijauindonesia-program/htdocs/program.instituthijauindonesia.or.id/vendor/laravel/framework/src/Illuminate/Foundation/Console/Kernel.php(198): Symfony\\Component\\Console\\Application->run()
#45 /home/instituthijauindonesia-program/htdocs/program.instituthijauindonesia.or.id/vendor/laravel/framework/src/Illuminate/Foundation/Application.php(1235): Illuminate\\Foundation\\Console\\Kernel->handle()
#46 /home/instituthijauindonesia-program/htdocs/program.instituthijauindonesia.or.id/artisan(16): Illuminate\\Foundation\\Application->handleCommand()
#47 {main}
"} 
